
> canplus-immigration@0.1.0 build
> next build

⚠ Warning: Next.js inferred your workspace root, but it may not be correct.
 We detected multiple lockfiles and selected the directory of C:\Users\varun\package-lock.json as the root directory.
 To silence this warning, set `turbopack.root` in your Next.js config, or consider removing one of the lockfiles if it's not needed.
   See https://nextjs.org/docs/app/api-reference/config/next-config-js/turbopack#root-directory for more information.
 Detected additional lockfiles: 
   * C:\Users\varun\OneDrive\Desktop\s20\broombuilds\clientwork\canplusimmigration\dolopreneur - portfolio\package-lock.json

▲ Next.js 16.2.6 (Turbopack)
- Experiments (use with caution):
  · optimizePackageImports

  Creating an optimized production build ...
✓ Compiled successfully in 4.1s
  Running TypeScript ...
  Finished TypeScript in 4.1s ...
  Collecting page data using 11 workers ...
⚠ Using edge runtime on a page currently disables static generation for that page
  Generating static pages using 11 workers (0/41) ...
  Generating static pages using 11 workers (10/41) 
  Generating static pages using 11 workers (20/41) 
  Generating static pages using 11 workers (30/41) 
✓ Generating static pages using 11 workers (41/41) in 1138ms
  Finalizing page optimization ...

Route (app)
┌ ○ /
├ ○ /_not-found
├ ○ /about
├ ƒ /api/lead
├ ○ /contact
├ ○ /eligibility
├ ○ /guides
├ ● /guides/[slug]
│ ├ /guides/express-entry
│ ├ /guides/super-visa
│ ├ /guides/study-to-pr
│ └ [+2 more paths]
├ ● /guides/[slug]/opengraph-image-1kutxw
│ ├ /guides/express-entry/opengraph-image-1kutxw
│ ├ /guides/super-visa/opengraph-image-1kutxw
│ ├ /guides/study-to-pr/opengraph-image-1kutxw
│ └ [+2 more paths]
├ ○ /how-it-works
├ ○ /legal/disclaimer
├ ○ /legal/privacy
├ ○ /legal/terms
├ ○ /manifest.webmanifest
├ ƒ /opengraph-image
├ ○ /robots.txt
├ ○ /services
├ ● /services/[slug]
│ ├ /services/work-permits
│ ├ /services/study-permits
│ ├ /services/visitor-super-visa
│ └ [+5 more paths]
├ ● /services/[slug]/opengraph-image-1m3o9y
│ ├ /services/work-permits/opengraph-image-1m3o9y
│ ├ /services/study-permits/opengraph-image-1m3o9y
│ ├ /services/visitor-super-visa/opengraph-image-1m3o9y
│ └ [+5 more paths]
└ ○ /sitemap.xml


○  (Static)   prerendered as static content
●  (SSG)      prerendered as static HTML (uses generateStaticParams)
ƒ  (Dynamic)  server-rendered on demand

